// Jest Snapshot v1, https://goo.gl/fbAQLP

exports[`PasswordTextField should render well 1`] = `
<div
  className="MuiFormControl-root MuiTextField-root css-hb9hc9-MuiFormControl-root-MuiTextField-root-PasswordTextField"
>
  <label
    className="MuiFormLabel-root MuiInputLabel-root MuiInputLabel-formControl MuiInputLabel-animated MuiInputLabel-shrink MuiInputLabel-outlined MuiFormLabel-colorPrimary css-1sumxir-MuiFormLabel-root-MuiInputLabel-root"
    data-shrink={true}
    htmlFor=":r0:"
    id=":r0:-label"
    style={
      Object {
        "color": "#ffffff",
        "fontSize": "12px",
        "left": "1px",
        "letterSpacing": "0.4px",
        "lineHeight": "18px",
        "textOverflow": "unset",
        "transform": "translate(14px, -9px) scale(1)",
      }
    }
  >
    Password
  </label>
  <div
    className="MuiInputBase-root MuiOutlinedInput-root MuiInputBase-colorPrimary MuiInputBase-formControl css-e2jvzi-MuiInputBase-root-MuiOutlinedInput-root"
    onClick={[Function]}
  >
    <input
      aria-invalid={false}
      autoFocus={false}
      className="MuiInputBase-input MuiOutlinedInput-input css-24rejj-MuiInputBase-input-MuiOutlinedInput-input"
      disabled={false}
      id=":r0:"
      onAnimationStart={[Function]}
      onBlur={[Function]}
      onChange={[Function]}
      onFocus={[Function]}
      placeholder="Password"
      required={false}
      style={
        Object {
          "color": "#ffffff",
        }
      }
      type="text"
      value=""
    />
    <fieldset
      aria-hidden={true}
      className="MuiOutlinedInput-notchedOutline css-1d3z3hw-MuiOutlinedInput-notchedOutline"
    >
      <legend
        className="css-1in441m"
      >
        <span>
          Password
        </span>
      </legend>
    </fieldset>
  </div>
</div>
`;
